2024-02-28 13:44:20,328 - MainThread - spam_application - INFO - creating an instance fo auxiliary_moduleAuxiliary
2024-02-28 13:44:20,328 - MainThread - spam_application.auxiliary.Auxiliary - INFO - creating an instance of Auxiliary
2024-02-28 13:44:20,328 - MainThread - spam_application - INFO - created an instance of auxiliary_module.Auxiliary
2024-02-28 13:44:20,328 - MainThread - spam_application - INFO - calling auxiliary_module.Auxiliary.do_something
2024-02-28 13:44:20,329 - MainThread - spam_application.auxiliary.Auxiliary - INFO - doing something
2024-02-28 13:44:20,329 - MainThread - spam_application.auxiliary.Auxiliary - INFO - done doing something
2024-02-28 13:44:20,330 - MainThread - spam_application - INFO - finished auxiliary_module.Auxiliary.do_something
2024-02-28 13:44:20,330 - MainThread - spam_application - INFO - calling auxiliary_module.some_function()
2024-02-28 13:44:20,330 - MainThread - spam_application.auxiliary - INFO - received a call to "some_function"
2024-02-28 13:44:20,331 - MainThread - spam_application - INFO - done with auxiliary_module.some_fu
